###############################################################################
#
# IAR ELF Linker V8.32.1.169/W32 for ARM                  03/Dec/2019  23:49:11
# Copyright 2007-2018 IAR Systems AB.
#
#    Output file  =  
#        C:\Users\15122\Desktop\LoraIAR\EWARM\IAR_RFIDIM\Exe\IAR_RFIDIM.out
#    Map file     =  
#        C:\Users\15122\Desktop\LoraIAR\EWARM\IAR_RFIDIM\List\IAR_RFIDIM.map
#    Command line =  
#        -f C:\Users\15122\AppData\Local\Temp\EWA726.tmp
#        (C:\Users\15122\Desktop\LoraIAR\EWARM\IAR_RFIDIM\Obj\logging.o
#        C:\Users\15122\Desktop\LoraIAR\EWARM\IAR_RFIDIM\Obj\Lora_transmission_HAL.o
#        C:\Users\15122\Desktop\LoraIAR\EWARM\IAR_RFIDIM\Obj\main.o
#        C:\Users\15122\Desktop\LoraIAR\EWARM\IAR_RFIDIM\Obj\mainApp.o
#        C:\Users\15122\Desktop\LoraIAR\EWARM\IAR_RFIDIM\Obj\Master.o
#        C:\Users\15122\Desktop\LoraIAR\EWARM\IAR_RFIDIM\Obj\Slave.o
#        C:\Users\15122\Desktop\LoraIAR\EWARM\IAR_RFIDIM\Obj\spi.o
#        C:\Users\15122\Desktop\LoraIAR\EWARM\IAR_RFIDIM\Obj\startup_stm32f103xb.o
#        C:\Users\15122\Desktop\LoraIAR\EWARM\IAR_RFIDIM\Obj\stm32f1xx_hal.o
#        C:\Users\15122\Desktop\LoraIAR\EWARM\IAR_RFIDIM\Obj\stm32f1xx_hal_cortex.o
#        C:\Users\15122\Desktop\LoraIAR\EWARM\IAR_RFIDIM\Obj\stm32f1xx_hal_dma.o
#        C:\Users\15122\Desktop\LoraIAR\EWARM\IAR_RFIDIM\Obj\stm32f1xx_hal_exti.o
#        C:\Users\15122\Desktop\LoraIAR\EWARM\IAR_RFIDIM\Obj\stm32f1xx_hal_flash.o
#        C:\Users\15122\Desktop\LoraIAR\EWARM\IAR_RFIDIM\Obj\stm32f1xx_hal_flash_ex.o
#        C:\Users\15122\Desktop\LoraIAR\EWARM\IAR_RFIDIM\Obj\stm32f1xx_hal_gpio.o
#        C:\Users\15122\Desktop\LoraIAR\EWARM\IAR_RFIDIM\Obj\stm32f1xx_hal_gpio_ex.o
#        C:\Users\15122\Desktop\LoraIAR\EWARM\IAR_RFIDIM\Obj\stm32f1xx_hal_msp.o
#        C:\Users\15122\Desktop\LoraIAR\EWARM\IAR_RFIDIM\Obj\stm32f1xx_hal_pcd.o
#        C:\Users\15122\Desktop\LoraIAR\EWARM\IAR_RFIDIM\Obj\stm32f1xx_hal_pcd_ex.o
#        C:\Users\15122\Desktop\LoraIAR\EWARM\IAR_RFIDIM\Obj\stm32f1xx_hal_pwr.o
#        C:\Users\15122\Desktop\LoraIAR\EWARM\IAR_RFIDIM\Obj\stm32f1xx_hal_rcc.o
#        C:\Users\15122\Desktop\LoraIAR\EWARM\IAR_RFIDIM\Obj\stm32f1xx_hal_rcc_ex.o
#        C:\Users\15122\Desktop\LoraIAR\EWARM\IAR_RFIDIM\Obj\stm32f1xx_hal_spi.o
#        C:\Users\15122\Desktop\LoraIAR\EWARM\IAR_RFIDIM\Obj\stm32f1xx_hal_tim.o
#        C:\Users\15122\Desktop\LoraIAR\EWARM\IAR_RFIDIM\Obj\stm32f1xx_hal_tim_ex.o
#        C:\Users\15122\Desktop\LoraIAR\EWARM\IAR_RFIDIM\Obj\stm32f1xx_it.o
#        C:\Users\15122\Desktop\LoraIAR\EWARM\IAR_RFIDIM\Obj\stm32f1xx_ll_usb.o
#        C:\Users\15122\Desktop\LoraIAR\EWARM\IAR_RFIDIM\Obj\SW_Timer.o
#        C:\Users\15122\Desktop\LoraIAR\EWARM\IAR_RFIDIM\Obj\system_stm32f1xx.o
#        C:\Users\15122\Desktop\LoraIAR\EWARM\IAR_RFIDIM\Obj\usb_device.o
#        C:\Users\15122\Desktop\LoraIAR\EWARM\IAR_RFIDIM\Obj\usbd_cdc.o
#        C:\Users\15122\Desktop\LoraIAR\EWARM\IAR_RFIDIM\Obj\usbd_cdc_if.o
#        C:\Users\15122\Desktop\LoraIAR\EWARM\IAR_RFIDIM\Obj\usbd_conf.o
#        C:\Users\15122\Desktop\LoraIAR\EWARM\IAR_RFIDIM\Obj\usbd_core.o
#        C:\Users\15122\Desktop\LoraIAR\EWARM\IAR_RFIDIM\Obj\usbd_ctlreq.o
#        C:\Users\15122\Desktop\LoraIAR\EWARM\IAR_RFIDIM\Obj\usbd_desc.o
#        C:\Users\15122\Desktop\LoraIAR\EWARM\IAR_RFIDIM\Obj\usbd_ioreq.o
#        --redirect _Printf=_PrintfFull --redirect _Scanf=_ScanfFull
#        --no_out_extension -o
#        C:\Users\15122\Desktop\LoraIAR\EWARM\IAR_RFIDIM\Exe\IAR_RFIDIM.out
#        --map
#        C:\Users\15122\Desktop\LoraIAR\EWARM\IAR_RFIDIM\List\IAR_RFIDIM.map
#        --config C:\Users\15122\Desktop\LoraIAR\EWARM/stm32f103xb_flash.icf
#        --semihosting --entry __iar_program_start --vfe --text_out locale)
#
###############################################################################

*******************************************************************************
*** RUNTIME MODEL ATTRIBUTES
***

CppFlavor       = *
__SystemLibrary = DLib
__dlib_version  = 6


*******************************************************************************
*** HEAP SELECTION
***

The basic heap was selected because no calls to memory allocation
functions were found in the application outside of system library
functions, and there are calls to deallocation functions in the
application.


*******************************************************************************
*** PLACEMENT SUMMARY
***

"A0":  place at 0x800'0000 { ro section .intvec };
"P1":  place in [from 0x800'0000 to 0x801'ffff] { ro };
define block CSTACK with size = 1K, alignment = 8 { };
define block HEAP with size = 512, alignment = 8 { };
"P2":  place in [from 0x2000'0000 to 0x2000'4fff] {
          rw, block CSTACK, block HEAP };
initialize by copy { rw };

  Section            Kind         Address    Size  Object
  -------            ----         -------    ----  ------
"A0":                                        0xec
  .intvec            ro code   0x800'0000    0xec  startup_stm32f103xb.o [1]
                             - 0x800'00ec    0xec

"P1":                                      0x7017
  .text              ro code   0x800'00ec   0xf46  xprintffull.o [2]
  .text              ro code   0x800'1032    0x7a  lz77_init_single.o [4]
  .text              ro code   0x800'10ac    0xa4  xlocale_c.o [2]
  .text              ro code   0x800'1150    0x16  strchr.o [4]
  .text              ro code   0x800'1166    0x3a  zero_init3.o [4]
  .text              ro code   0x800'11a0    0x40  xfail_s.o [2]
  .text              ro code   0x800'11e0    0x36  strlen.o [4]
  .text              ro code   0x800'1216    0x1e  xencoding_8859_1.o [2]
  .text              ro code   0x800'1234    0x58  memchr.o [4]
  .text              ro code   0x800'128c     0xa  xmbcurmax.o [2]
  .text              ro code   0x800'1296     0xa  xsprout.o [2]
  .text              ro code   0x800'12a0    0xa6  ABImemcpy.o [4]
  .rodata            const     0x800'1346     0x2  stm32f1xx_hal_rcc.o [1]
  .text              ro code   0x800'1348   0x230  I64DivMod.o [4]
  .text              ro code   0x800'1578   0x1a2  DblMul.o [3]
  .text              ro code   0x800'171c    0x70  frexp.o [3]
  .text              ro code   0x800'178c    0x2e  DblCmpLe.o [3]
  .text              ro code   0x800'17bc    0x2e  DblCmpGe.o [3]
  .text              ro code   0x800'17ec   0x13a  ldexp.o [3]
  .text              ro code   0x800'1928    0x3a  DblToS32.o [3]
  .text              ro code   0x800'1964    0x22  S32ToDbl.o [3]
  .text              ro code   0x800'1988    0xe2  DblSub.o [3]
  .text              ro code   0x800'1a6c   0x246  DblDiv.o [3]
  .text              ro code   0x800'1cb4    0x28  DblToU32.o [3]
  .text              ro code   0x800'1cdc    0x1a  U32ToDbl.o [3]
  .text              ro code   0x800'1cf6     0x6  abort.o [2]
  .text              ro code   0x800'1cfc     0x2  I64DivZer.o [4]
  .text              ro code   0x800'1d00   0x17a  DblAdd.o [3]
  .text              ro code   0x800'1e7c    0x14  exit.o [5]
  .text              ro code   0x800'1e90   0x9ea  stm32f1xx_ll_usb.o [1]
  .text              ro code   0x800'287a   0x8fe  stm32f1xx_hal_pcd.o [1]
  .text              ro code   0x800'3178   0x2ae  usbd_conf.o [1]
  .text              ro code   0x800'3428   0x150  stm32f1xx_hal_cortex.o [1]
  .text              ro code   0x800'3578   0x33e  usbd_core.o [1]
  .text              ro code   0x800'38b8   0x282  main.o [1]
  .text              ro code   0x800'3b3a    0x40  stm32f1xx_hal_pcd_ex.o [1]
  .text              ro code   0x800'3b7c     0x8  logging.o [1]
  .text              ro code   0x800'3b84   0x7b8  usbd_ctlreq.o [1]
  .text              ro code   0x800'433c    0x9c  usbd_ioreq.o [1]
  .text              ro code   0x800'43d8    0x24  stm32f1xx_hal.o [1]
  .text              ro code   0x800'43fc    0x58  usb_device.o [1]
  .text              ro code   0x800'4454   0x268  mainApp.o [1]
  .text              ro code   0x800'46bc   0x5e8  stm32f1xx_hal_rcc.o [1]
  .text              ro code   0x800'4ca4   0x104  stm32f1xx_hal_rcc_ex.o [1]
  .text              ro code   0x800'4da8   0x6e8  stm32f1xx_hal_spi.o [1]
  .text              ro code   0x800'5490   0x23a  stm32f1xx_hal_gpio.o [1]
  .text              ro code   0x800'56cc   0x1d0  SW_Timer.o [1]
  .text              ro code   0x800'589c    0x4c  stm32f1xx_hal.o [1]
  .text              ro code   0x800'58e8    0xbc  stm32f1xx_hal_msp.o [1]
  .text              ro code   0x800'59a4   0x3b6  usbd_cdc.o [1]
  .text              ro code   0x800'5d5c   0x41c  Lora_transmission_HAL.o [1]
  .text              ro code   0x800'6178   0x1dc  Slave.o [1]
  .text              ro code   0x800'6354   0x2c0  Master.o [1]
  .text              ro code   0x800'6614    0x40  sprintf.o [2]
  .text              ro code   0x800'6654    0xac  usbd_cdc_if.o [1]
  .text              ro code   0x800'6700   0x14c  iar_Stoulx.o [2]
  .text              ro code   0x800'684c     0xc  stm32f1xx_hal.o [1]
  .text              ro code   0x800'6858     0x6  ABImemclr4.o [4]
  .text              ro code   0x800'6860    0x28  stm32f1xx_hal.o [1]
  .text              ro code   0x800'6888   0x134  spi.o [1]
  .text              ro code   0x800'69bc    0x28  strncmp.o [2]
  .text              ro code   0x800'69e4    0x18  strcpy.o [4]
  .text              ro code   0x800'69fc    0x70  strncpy.o [4]
  .text              ro code   0x800'6a6c    0x14  isspace.o [2]
  .text              ro code   0x800'6a80    0x14  tolower.o [2]
  .text              ro code   0x800'6a94    0x32  ABImemset48.o [4]
  .text              ro code   0x800'6ac8    0x5e  ABImemset.o [4]
  .text              ro code   0x800'6b28   0x136  usbd_desc.o [1]
  .text              ro code   0x800'6c60    0x58  system_stm32f1xx.o [1]
  .rodata            const     0x800'6cb8    0x50  iar_Stoulx.o [2]
  .text              ro code   0x800'6d08    0x48  stm32f1xx_it.o [1]
  .text              ro code   0x800'6d50    0x18  stm32f1xx_hal.o [1]
  .text              ro code   0x800'6d68    0x28  data_init.o [4]
  .rodata            const     0x800'6d90    0x24  Master.o [1]
  .iar.init_table    const     0x800'6db4    0x20  - Linker created -
  .rodata            const     0x800'6dd4    0x20  Master.o [1]
  .text              ro code   0x800'6df4    0x1e  cmain.o [4]
  .text              ro code   0x800'6e12     0x4  low_level_init.o [2]
  .text              ro code   0x800'6e16     0x4  exit.o [2]
  .text              ro code   0x800'6e1c     0xa  cexit.o [4]
  .rodata            const     0x800'6e28    0x18  mainApp.o [1]
  .rodata            const     0x800'6e40    0x18  mainApp.o [1]
  .rodata            const     0x800'6e58    0x18  Master.o [1]
  .rodata            const     0x800'6e70    0x18  usbd_desc.o [1]
  .rodata            const     0x800'6e88    0x14  Slave.o [1]
  .rodata            const     0x800'6e9c    0x14  usbd_desc.o [1]
  .rodata            const     0x800'6eb0    0x10  Slave.o [1]
  .rodata            const     0x800'6ec0    0x10  stm32f1xx_hal_rcc.o [1]
  .rodata            const     0x800'6ed0    0x10  system_stm32f1xx.o [1]
  .rodata            const     0x800'6ee0    0x10  usbd_desc.o [1]
  .text              ro code   0x800'6ef0    0x10  startup_stm32f103xb.o [1]
  .rodata            const     0x800'6f00     0xc  Lora_transmission_HAL.o [1]
  .rodata            const     0x800'6f0c     0xc  usbd_desc.o [1]
  .text              ro code   0x800'6f18     0xc  cstartup_M.o [4]
  .rodata            const     0x800'6f24     0x8  Lora_transmission_HAL.o [1]
  .rodata            const     0x800'6f2c     0x8  Slave.o [1]
  .rodata            const     0x800'6f34     0x6  xlocale_c.o [2]
  .rodata            const     0x800'6f3c     0x4  Lora_transmission_HAL.o [1]
  .rodata            const     0x800'6f40     0x4  Lora_transmission_HAL.o [1]
  .text              ro code   0x800'6f44     0x4  startup_stm32f103xb.o [1]
  .text              ro code   0x800'6f48     0x4  startup_stm32f103xb.o [1]
  .text              ro code   0x800'6f4c     0x4  startup_stm32f103xb.o [1]
  .text              ro code   0x800'6f50     0x4  startup_stm32f103xb.o [1]
  .text              ro code   0x800'6f54     0x4  startup_stm32f103xb.o [1]
  .text              ro code   0x800'6f58     0x4  startup_stm32f103xb.o [1]
  .text              ro code   0x800'6f5c     0x4  startup_stm32f103xb.o [1]
  .text              ro code   0x800'6f60     0x4  startup_stm32f103xb.o [1]
  .text              ro code   0x800'6f64     0x4  startup_stm32f103xb.o [1]
  .text              ro code   0x800'6f68     0x4  startup_stm32f103xb.o [1]
  .text              ro code   0x800'6f6c     0x4  startup_stm32f103xb.o [1]
  .text              ro code   0x800'6f70     0x4  startup_stm32f103xb.o [1]
  .text              ro code   0x800'6f74     0x4  startup_stm32f103xb.o [1]
  .text              ro code   0x800'6f78     0x4  startup_stm32f103xb.o [1]
  .text              ro code   0x800'6f7c     0x4  startup_stm32f103xb.o [1]
  .text              ro code   0x800'6f80     0x4  startup_stm32f103xb.o [1]
  .text              ro code   0x800'6f84     0x4  startup_stm32f103xb.o [1]
  .text              ro code   0x800'6f88     0x4  startup_stm32f103xb.o [1]
  .text              ro code   0x800'6f8c     0x4  startup_stm32f103xb.o [1]
  .text              ro code   0x800'6f90     0x4  startup_stm32f103xb.o [1]
  .text              ro code   0x800'6f94     0x4  startup_stm32f103xb.o [1]
  .text              ro code   0x800'6f98     0x4  startup_stm32f103xb.o [1]
  .text              ro code   0x800'6f9c     0x4  startup_stm32f103xb.o [1]
  .text              ro code   0x800'6fa0     0x4  startup_stm32f103xb.o [1]
  .text              ro code   0x800'6fa4     0x4  startup_stm32f103xb.o [1]
  .text              ro code   0x800'6fa8     0x4  startup_stm32f103xb.o [1]
  .text              ro code   0x800'6fac     0x4  startup_stm32f103xb.o [1]
  .text              ro code   0x800'6fb0     0x4  startup_stm32f103xb.o [1]
  .text              ro code   0x800'6fb4     0x4  startup_stm32f103xb.o [1]
  .text              ro code   0x800'6fb8     0x4  startup_stm32f103xb.o [1]
  .text              ro code   0x800'6fbc     0x4  startup_stm32f103xb.o [1]
  .text              ro code   0x800'6fc0     0x4  startup_stm32f103xb.o [1]
  .text              ro code   0x800'6fc4     0x4  startup_stm32f103xb.o [1]
  .text              ro code   0x800'6fc8     0x4  startup_stm32f103xb.o [1]
  .text              ro code   0x800'6fcc     0x4  startup_stm32f103xb.o [1]
  .text              ro code   0x800'6fd0     0x4  startup_stm32f103xb.o [1]
  .text              ro code   0x800'6fd4     0x4  startup_stm32f103xb.o [1]
  .text              ro code   0x800'6fd8     0x4  startup_stm32f103xb.o [1]
  .text              ro code   0x800'6fdc     0x4  startup_stm32f103xb.o [1]
  .text              ro code   0x800'6fe0     0x4  startup_stm32f103xb.o [1]
  .text              ro code   0x800'6fe4     0x4  startup_stm32f103xb.o [1]
  .rodata            const     0x800'6fe8     0x0  zero_init3.o [4]
  .rodata            const     0x800'6fe8     0x0  lz77_init_single.o [4]
  Initializer bytes  const     0x800'6fe8   0x11b  <for P2-1>
                             - 0x800'7103  0x7017

"P2", part 1 of 3:                          0x20d
  P2-1                        0x2000'0000   0x20d  <Init block>
    .data            inited   0x2000'0000    0x14  Lora_transmission_HAL.o [1]
    .data            inited   0x2000'0014     0x4  stm32f1xx_hal.o [1]
    .data            inited   0x2000'0018     0x4  system_stm32f1xx.o [1]
    .data            inited   0x2000'001c     0xc  usbd_cdc.o [1]
    .data            inited   0x2000'0028    0x38  usbd_cdc.o [1]
    .data            inited   0x2000'0060    0x44  usbd_cdc.o [1]
    .data            inited   0x2000'00a4    0x44  usbd_cdc.o [1]
    .data            inited   0x2000'00e8    0x44  usbd_cdc.o [1]
    .data            inited   0x2000'012c    0x10  usbd_cdc_if.o [1]
    .data            inited   0x2000'013c    0x1c  usbd_desc.o [1]
    .data            inited   0x2000'0158    0x14  usbd_desc.o [1]
    .data            inited   0x2000'016c     0x4  usbd_desc.o [1]
    .data            inited   0x2000'0170    0x1c  usbd_desc.o [1]
    .data            inited   0x2000'018c    0x38  xlocale_c.o [2]
    .data            inited   0x2000'01c4    0x48  xlocale_c.o [2]
    .data            inited   0x2000'020c     0x1  stm32f1xx_hal.o [1]
                            - 0x2000'020d   0x20d

"P2", part 2 of 3:                         0x1364
  .bss               zero     0x2000'0210   0x3e8  usbd_cdc_if.o [1]
  .bss               zero     0x2000'05f8   0x3e8  usbd_cdc_if.o [1]
  .bss               zero     0x2000'09e0   0x2c4  usb_device.o [1]
  .bss               zero     0x2000'0ca4   0x26c  usbd_conf.o [1]
  .bss               zero     0x2000'0f10   0x220  usbd_conf.o [1]
  .bss               zero     0x2000'1130   0x200  usbd_desc.o [1]
  .bss               zero     0x2000'1330    0xcc  Master.o [1]
  .bss               zero     0x2000'13fc    0x84  mainApp.o [1]
  .bss               zero     0x2000'1480    0x58  main.o [1]
  .bss               zero     0x2000'14d8    0x3c  Lora_transmission_HAL.o [1]
  .bss               zero     0x2000'1514    0x20  SW_Timer.o [1]
  .bss               zero     0x2000'1534    0x14  logging.o [1]
  .bss               zero     0x2000'1548     0xc  mainApp.o [1]
  .bss               zero     0x2000'1554     0x8  Slave.o [1]
  .bss               zero     0x2000'155c     0x4  stm32f1xx_hal.o [1]
  .bss               zero     0x2000'1560     0x4  xfail_s.o [2]
  .bss               zero     0x2000'1564     0x2  mainApp.o [1]
  .bss               zero     0x2000'1566     0x1  logging.o [1]
  .bss               zero     0x2000'1567     0x1  Lora_transmission_HAL.o [1]
  .bss               zero     0x2000'1568     0x1  mainApp.o [1]
  .bss               zero     0x2000'1569     0x1  mainApp.o [1]
  .bss               zero     0x2000'156a     0x1  mainApp.o [1]
  .bss               zero     0x2000'156b     0x1  mainApp.o [1]
  .bss               zero     0x2000'156c     0x1  mainApp.o [1]
  .bss               zero     0x2000'156d     0x1  mainApp.o [1]
  .bss               zero     0x2000'156e     0x1  mainApp.o [1]
  .bss               zero     0x2000'156f     0x1  mainApp.o [1]
  .bss               zero     0x2000'1570     0x1  usbd_ctlreq.o [1]
                            - 0x2000'1571  0x1361

"P2", part 3 of 3:                          0x400
  CSTACK                      0x2000'1578   0x400  <Block>
    CSTACK           uninit   0x2000'1578   0x400  <Block tail>
                            - 0x2000'1978   0x400

Unused ranges:

         From           To      Size
         ----           --      ----
   0x800'7103   0x801'ffff  0x1'8efd
  0x2000'020d  0x2000'020f       0x3
  0x2000'1574  0x2000'1577       0x4
  0x2000'1978  0x2000'4fff    0x3688


*******************************************************************************
*** INIT TABLE
***

          Address      Size
          -------      ----
Zero (__iar_zero_init3)
    1 destination range, total size 0x1361:
          0x2000'0210  0x1361

Copy/lz77 (__iar_lz77_init_single3)
    1 source range, total size 0x11b (53% of destination):
           0x800'6fe8   0x11b
    1 destination range, total size 0x20d:
          0x2000'0000   0x20d



*******************************************************************************
*** MODULE SUMMARY
***

    Module                   ro code  ro data  rw data
    ------                   -------  -------  -------
command line/config:
    --------------------------------------------------
    Total:

C:\Users\15122\Desktop\LoraIAR\EWARM\IAR_RFIDIM\Obj: [1]
    Lora_transmission_HAL.o    1 052       38       81
    Master.o                     704       92      204
    SW_Timer.o                   464                32
    Slave.o                      476       44        8
    logging.o                      8                21
    main.o                       642                88
    mainApp.o                    616       48      154
    spi.o                        308
    startup_stm32f103xb.o        416
    stm32f1xx_hal.o              188        3        9
    stm32f1xx_hal_cortex.o       336
    stm32f1xx_hal_gpio.o         570
    stm32f1xx_hal_msp.o          188
    stm32f1xx_hal_pcd.o        2 302
    stm32f1xx_hal_pcd_ex.o        64
    stm32f1xx_hal_rcc.o        1 512       18
    stm32f1xx_hal_rcc_ex.o       260
    stm32f1xx_hal_spi.o        1 768
    stm32f1xx_it.o                72
    stm32f1xx_ll_usb.o         2 538
    system_stm32f1xx.o            88       19        4
    usb_device.o                  88               708
    usbd_cdc.o                   950      146      272
    usbd_cdc_if.o                172        9    2 016
    usbd_conf.o                  686             1 164
    usbd_core.o                  830
    usbd_ctlreq.o              1 976                 1
    usbd_desc.o                  310      115      592
    usbd_ioreq.o                 156
    --------------------------------------------------
    Total:                    19 740      532    5 354

dl7M_tlf.a: [2]
    abort.o                        6
    exit.o                         4
    iar_Stoulx.o                 332       80
    isspace.o                     20
    low_level_init.o               4
    sprintf.o                     64
    strncmp.o                     40
    tolower.o                     20
    xencoding_8859_1.o            30
    xfail_s.o                     64                 4
    xlocale_c.o                  164       75      128
    xmbcurmax.o                   10
    xprintffull.o              3 910
    xsprout.o                     10
    --------------------------------------------------
    Total:                     4 678      155      132

m7M_tl.a: [3]
    DblAdd.o                     378
    DblCmpGe.o                    46
    DblCmpLe.o                    46
    DblDiv.o                     582
    DblMul.o                     418
    DblSub.o                     226
    DblToS32.o                    58
    DblToU32.o                    40
    S32ToDbl.o                    34
    U32ToDbl.o                    26
    frexp.o                      112
    ldexp.o                      314
    --------------------------------------------------
    Total:                     2 280

rt7M_tl.a: [4]
    ABImemclr4.o                   6
    ABImemcpy.o                  166
    ABImemset.o                   94
    ABImemset48.o                 50
    I64DivMod.o                  560
    I64DivZer.o                    2
    cexit.o                       10
    cmain.o                       30
    cstartup_M.o                  12
    data_init.o                   40
    lz77_init_single.o           122
    memchr.o                      88
    strchr.o                      22
    strcpy.o                      24
    strlen.o                      54
    strncpy.o                    112
    zero_init3.o                  58
    --------------------------------------------------
    Total:                     1 450

shb_l.a: [5]
    exit.o                        20
    --------------------------------------------------
    Total:                        20

    Gaps                          40        4
    Linker created                         32    1 024
------------------------------------------------------
    Grand Total:              28 208      723    6 510


*******************************************************************************
*** ENTRY LIST
***

Entry                       Address   Size  Type      Object
-----                       -------   ----  ----      ------
.iar.init_table$$Base    0x800'6db4          --   Gb  - Linker created -
.iar.init_table$$Limit   0x800'6dd4          --   Gb  - Linker created -
?main                    0x800'6df5         Code  Gb  cmain.o [4]
AHBPrescTable            0x800'6ed0   0x10  Data  Gb  system_stm32f1xx.o [1]
BandWide_Sel            0x2000'156c    0x1  Data  Gb  mainApp.o [1]
BurstWrite               0x800'6963   0x50  Code  Gb  spi.o [1]
BusFault_Handler         0x800'6d25    0x2  Code  Gb  stm32f1xx_it.o [1]
CDC_Control_FS           0x800'6673   0x3e  Code  Lc  usbd_cdc_if.o [1]
CDC_DeInit_FS            0x800'666f    0x4  Code  Lc  usbd_cdc_if.o [1]
CDC_Init_FS              0x800'6655   0x1a  Code  Lc  usbd_cdc_if.o [1]
CDC_Receive_FS           0x800'66b1   0x16  Code  Lc  usbd_cdc_if.o [1]
CDC_Transmit_FS          0x800'66c7   0x2c  Code  Gb  usbd_cdc_if.o [1]
CSTACK$$Base            0x2000'1578          --   Gb  - Linker created -
CSTACK$$Limit           0x2000'1978          --   Gb  - Linker created -
CacheMore                0x800'10dd   0x24  Code  Lc  xlocale_c.o [2]
DebugMon_Handler         0x800'6d2b    0x2  Code  Gb  stm32f1xx_it.o [1]
Delay_By_Id              0x800'6179   0x1c  Code  Gb  Slave.o [1]
EXTI1_IRQHandler         0x800'6d09   0x16  Code  Gb  stm32f1xx_it.o [1]
Error_Handler            0x800'3b39    0x2  Code  Gb  main.o [1]
FS_Desc                 0x2000'013c   0x1c  Data  Gb  usbd_desc.o [1]
Freq_Sel                0x2000'1569    0x1  Data  Gb  mainApp.o [1]
Fsk_Rate_Sel            0x2000'156d    0x1  Data  Gb  mainApp.o [1]
Get_SerialNum            0x800'6bb9   0x2c  Code  Lc  usbd_desc.o [1]
HAL_Delay                0x800'6861   0x28  Code  Wk  stm32f1xx_hal.o [1]
HAL_GPIO_EXTI_IRQHandler
                         0x800'5667   0x1c  Code  Gb  stm32f1xx_hal_gpio.o [1]
HAL_GPIO_Init            0x800'5491  0x1b0  Code  Gb  stm32f1xx_hal_gpio.o [1]
HAL_GPIO_ReadPin         0x800'5641   0x12  Code  Gb  stm32f1xx_hal_gpio.o [1]
HAL_GPIO_WritePin        0x800'5653   0x14  Code  Gb  stm32f1xx_hal_gpio.o [1]
HAL_GetTick              0x800'684d    0xc  Code  Wk  stm32f1xx_hal.o [1]
HAL_IncTick              0x800'6d51   0x18  Code  Wk  stm32f1xx_hal.o [1]
HAL_Init                 0x800'43d9   0x20  Code  Gb  stm32f1xx_hal.o [1]
HAL_InitTick             0x800'589d   0x4c  Code  Wk  stm32f1xx_hal.o [1]
HAL_MspInit              0x800'58e9   0x3c  Code  Gb  stm32f1xx_hal_msp.o [1]
HAL_NVIC_EnableIRQ       0x800'3521    0xa  Code  Gb  stm32f1xx_hal_cortex.o [1]
HAL_NVIC_SetPriority     0x800'34ff   0x22  Code  Gb  stm32f1xx_hal_cortex.o [1]
HAL_NVIC_SetPriorityGrouping
                         0x800'34f7    0x8  Code  Gb  stm32f1xx_hal_cortex.o [1]
HAL_PCDEx_PMAConfig      0x800'3b3b   0x40  Code  Gb  stm32f1xx_hal_pcd_ex.o [1]
HAL_PCDEx_SetConnectionState
                         0x800'33fb    0x2  Code  Gb  usbd_conf.o [1]
HAL_PCD_DataInStageCallback
                         0x800'31d3   0x18  Code  Gb  usbd_conf.o [1]
HAL_PCD_DataOutStageCallback
                         0x800'31b9   0x1a  Code  Gb  usbd_conf.o [1]
HAL_PCD_EP_Close         0x800'2c11   0x5e  Code  Gb  stm32f1xx_hal_pcd.o [1]
HAL_PCD_EP_ClrStall      0x800'2d7b   0x74  Code  Gb  stm32f1xx_hal_pcd.o [1]
HAL_PCD_EP_GetRxCount    0x800'2cad   0x10  Code  Gb  stm32f1xx_hal_pcd.o [1]
HAL_PCD_EP_Open          0x800'2b93   0x7e  Code  Gb  stm32f1xx_hal_pcd.o [1]
HAL_PCD_EP_Receive       0x800'2c6f   0x3e  Code  Gb  stm32f1xx_hal_pcd.o [1]
HAL_PCD_EP_SetStall      0x800'2cf9   0x82  Code  Gb  stm32f1xx_hal_pcd.o [1]
HAL_PCD_EP_Transmit      0x800'2cbd   0x3c  Code  Gb  stm32f1xx_hal_pcd.o [1]
HAL_PCD_IRQHandler       0x800'2a0d  0x15a  Code  Gb  stm32f1xx_hal_pcd.o [1]
HAL_PCD_Init             0x800'287b  0x15e  Code  Gb  stm32f1xx_hal_pcd.o [1]
HAL_PCD_MspInit          0x800'3179   0x30  Code  Gb  usbd_conf.o [1]
HAL_PCD_ResetCallback    0x800'31f7   0x26  Code  Gb  usbd_conf.o [1]
HAL_PCD_ResumeCallback   0x800'323b    0xc  Code  Gb  usbd_conf.o [1]
HAL_PCD_SOFCallback      0x800'31eb    0xc  Code  Gb  usbd_conf.o [1]
HAL_PCD_SetAddress       0x800'2b67   0x2c  Code  Gb  stm32f1xx_hal_pcd.o [1]
HAL_PCD_SetupStageCallback
                         0x800'31a9   0x10  Code  Gb  usbd_conf.o [1]
HAL_PCD_Start            0x800'29d9   0x34  Code  Gb  stm32f1xx_hal_pcd.o [1]
HAL_PCD_SuspendCallback
                         0x800'321d   0x1e  Code  Gb  usbd_conf.o [1]
HAL_RCCEx_PeriphCLKConfig
                         0x800'4ca5   0xee  Code  Gb  stm32f1xx_hal_rcc_ex.o [1]
HAL_RCC_ClockConfig      0x800'4a8f  0x146  Code  Gb  stm32f1xx_hal_rcc.o [1]
HAL_RCC_GetHCLKFreq      0x800'4c37    0x6  Code  Gb  stm32f1xx_hal_rcc.o [1]
HAL_RCC_GetSysClockFreq
                         0x800'4bd5   0x62  Code  Gb  stm32f1xx_hal_rcc.o [1]
HAL_RCC_OscConfig        0x800'46bd  0x3d2  Code  Gb  stm32f1xx_hal_rcc.o [1]
HAL_SPI_Init             0x800'4da9   0x8a  Code  Gb  stm32f1xx_hal_spi.o [1]
HAL_SPI_MspInit          0x800'5925   0x6a  Code  Gb  stm32f1xx_hal_msp.o [1]
HAL_SPI_Receive          0x800'4fd1  0x166  Code  Gb  stm32f1xx_hal_spi.o [1]
HAL_SPI_Transmit         0x800'4e33  0x19e  Code  Gb  stm32f1xx_hal_spi.o [1]
HAL_SPI_TransmitReceive
                         0x800'5137  0x21e  Code  Gb  stm32f1xx_hal_spi.o [1]
HAL_SYSTICK_CLKSourceConfig
                         0x800'3533   0x1c  Code  Gb  stm32f1xx_hal_cortex.o [1]
HAL_SYSTICK_Callback     0x800'3b7d    0x8  Code  Gb  logging.o [1]
HAL_SYSTICK_Config       0x800'352b    0x8  Code  Gb  stm32f1xx_hal_cortex.o [1]
HAL_SYSTICK_IRQHandler   0x800'3571    0x8  Code  Gb  stm32f1xx_hal_cortex.o [1]
HardFault_Handler        0x800'6d21    0x2  Code  Gb  stm32f1xx_it.o [1]
Indicate_Rx_Packet       0x800'5e7b   0x54  Code  Gb  Lora_transmission_HAL.o [1]
IntToUnicode             0x800'6c11   0x4e  Code  Lc  usbd_desc.o [1]
LoadInt                  0x800'02af   0x7a  Code  Lc  xprintffull.o [2]
Lora_Rate_Sel           0x2000'156b    0x1  Data  Gb  mainApp.o [1]
MX_GPIO_Init             0x800'39ab  0x16e  Code  Lc  main.o [1]
MX_SPI1_Init             0x800'3965   0x46  Code  Lc  main.o [1]
MX_USB_DEVICE_Init       0x800'43fd   0x58  Code  Gb  usb_device.o [1]
Master_Receive_Data      0x800'656f   0x58  Code  Gb  Master.o [1]
Master_Send_Data         0x800'6477   0x5a  Code  Gb  Master.o [1]
MemManage_Handler        0x800'6d23    0x2  Code  Gb  stm32f1xx_it.o [1]
NMI_Handler              0x800'6d1f    0x2  Code  Gb  stm32f1xx_it.o [1]
NVIC_EncodePriority      0x800'348d   0x3c  Code  Lc  stm32f1xx_hal_cortex.o [1]
PCD_EP_ISR_Handler       0x800'2def  0x38a  Code  Lc  stm32f1xx_hal_pcd.o [1]
PendSV_Handler           0x800'6d2d    0x2  Code  Gb  stm32f1xx_it.o [1]
Power_Sel               0x2000'156a    0x1  Data  Gb  mainApp.o [1]
RCC_Delay                0x800'4c3d   0x24  Code  Lc  stm32f1xx_hal_rcc.o [1]
RSSI_Array              0x2000'1548    0xc  Data  Gb  mainApp.o [1]
Read_Rx_Packet           0x800'5ecf   0xe0  Code  Gb  Lora_transmission_HAL.o [1]
Receive_Data             0x800'64e3   0x8c  Code  Gb  Master.o [1]
Region$$Table$$Base      0x800'6db4          --   Gb  - Linker created -
Region$$Table$$Limit     0x800'6dd4          --   Gb  - Linker created -
RxData                  0x2000'14d8   0x3c  Data  Gb  Lora_transmission_HAL.o [1]
SPIBurstRead             0x800'6917   0x4c  Code  Gb  spi.o [1]
SPICmd8bit               0x800'6889   0x1a  Code  Gb  spi.o [1]
SPIRead                  0x800'68c7   0x1e  Code  Gb  spi.o [1]
SPIRead8bit              0x800'68a3   0x24  Code  Gb  spi.o [1]
SPIWrite                 0x800'68e5   0x32  Code  Gb  spi.o [1]
SPI_EndRxTransaction     0x800'53f5   0x76  Code  Lc  stm32f1xx_hal_spi.o [1]
SPI_EndRxTxTransaction   0x800'546b   0x26  Code  Lc  stm32f1xx_hal_spi.o [1]
SPI_WaitFlagStateUntilTimeout
                         0x800'5355   0xa0  Code  Lc  stm32f1xx_hal_spi.o [1]
SVC_Handler              0x800'6d29    0x2  Code  Gb  stm32f1xx_it.o [1]
SWTimer                 0x2000'1514   0x20  Data  Gb  SW_Timer.o [1]
SW_TIMER_CLEAR           0x800'56cd   0x56  Code  Gb  SW_Timer.o [1]
SW_TIMER_CREATE_FunCallBack
                         0x800'5723   0x4a  Code  Gb  SW_Timer.o [1]
SW_TIMER_ISR             0x800'57b1   0xb4  Code  Gb  SW_Timer.o [1]
SW_TIMER_START           0x800'576d   0x44  Code  Gb  SW_Timer.o [1]
Send_Broadcast_Data      0x800'6355   0x66  Code  Gb  Master.o [1]
Send_Tx_Packet           0x800'600d   0x34  Code  Gb  Lora_transmission_HAL.o [1]
Send_Unicast_Data        0x800'63bb   0xbc  Code  Gb  Master.o [1]
Slave_Receive_Broadcast
                         0x800'6291   0x4c  Code  Gb  Slave.o [1]
Slave_Receive_Data       0x800'62dd   0x4a  Code  Gb  Slave.o [1]
Slave_Receive_Unicast    0x800'6245   0x4c  Code  Gb  Slave.o [1]
Slave_Send_Response      0x800'622d   0x18  Code  Gb  Slave.o [1]
Slave_Send_Response_Broadcast
                         0x800'6195   0x50  Code  Gb  Slave.o [1]
Slave_Send_Response_Unicast
                         0x800'61e5   0x48  Code  Gb  Slave.o [1]
Start_Timer              0x800'64d1   0x12  Code  Gb  Master.o [1]
Switch_To_Rx             0x800'5da3   0x6e  Code  Gb  Lora_transmission_HAL.o [1]
Switch_To_Tx             0x800'5faf   0x5e  Code  Gb  Lora_transmission_HAL.o [1]
SysTick_Config           0x800'34c9   0x2e  Code  Lc  stm32f1xx_hal_cortex.o [1]
SysTick_Handler          0x800'6d2f    0xc  Code  Gb  stm32f1xx_it.o [1]
SysTime                 0x2000'1564    0x2  Data  Gb  mainApp.o [1]
SystemClock_Config       0x800'38d5   0x90  Code  Gb  main.o [1]
SystemCoreClock         0x2000'0018    0x4  Data  Gb  system_stm32f1xx.o [1]
SystemInit               0x800'6c61   0x3e  Code  Gb  system_stm32f1xx.o [1]
USBD_CDC                0x2000'0028   0x38  Data  Gb  usbd_cdc.o [1]
USBD_CDC_CfgFSDesc      0x2000'00a4   0x44  Data  Gb  usbd_cdc.o [1]
USBD_CDC_CfgHSDesc      0x2000'0060   0x44  Data  Gb  usbd_cdc.o [1]
USBD_CDC_DataIn          0x800'5bad   0x6c  Code  Lc  usbd_cdc.o [1]
USBD_CDC_DataOut         0x800'5c19   0x34  Code  Lc  usbd_cdc.o [1]
USBD_CDC_DeInit          0x800'5a67   0x50  Code  Lc  usbd_cdc.o [1]
USBD_CDC_DeviceQualifierDesc
                        0x2000'001c    0xc  Data  Lc  usbd_cdc.o [1]
USBD_CDC_EP0_RxReady     0x800'5c4d   0x36  Code  Lc  usbd_cdc.o [1]
USBD_CDC_GetDeviceQualifierDescriptor
                         0x800'5c9b    0x8  Code  Gb  usbd_cdc.o [1]
USBD_CDC_GetFSCfgDesc    0x800'5c83    0x8  Code  Lc  usbd_cdc.o [1]
USBD_CDC_GetHSCfgDesc    0x800'5c8b    0x8  Code  Lc  usbd_cdc.o [1]
USBD_CDC_GetOtherSpeedCfgDesc
                         0x800'5c93    0x8  Code  Lc  usbd_cdc.o [1]
USBD_CDC_Init            0x800'59a5   0xc2  Code  Lc  usbd_cdc.o [1]
USBD_CDC_OtherSpeedCfgDesc
                        0x2000'00e8   0x44  Data  Gb  usbd_cdc.o [1]
USBD_CDC_ReceivePacket   0x800'5d23   0x38  Code  Gb  usbd_cdc.o [1]
USBD_CDC_RegisterInterface
                         0x800'5cb5   0x12  Code  Gb  usbd_cdc.o [1]
USBD_CDC_SetRxBuffer     0x800'5cd9    0xc  Code  Gb  usbd_cdc.o [1]
USBD_CDC_SetTxBuffer     0x800'5cc7   0x12  Code  Gb  usbd_cdc.o [1]
USBD_CDC_Setup           0x800'5ab7   0xf6  Code  Lc  usbd_cdc.o [1]
USBD_CDC_TransmitPacket
                         0x800'5ce5   0x3e  Code  Gb  usbd_cdc.o [1]
USBD_ClrClassConfig      0x800'35ed   0x10  Code  Gb  usbd_core.o [1]
USBD_ClrFeature          0x800'4279   0x24  Code  Lc  usbd_ctlreq.o [1]
USBD_CtlContinueRx       0x800'439b   0x12  Code  Gb  usbd_ioreq.o [1]
USBD_CtlContinueSendData
                         0x800'4361   0x12  Code  Gb  usbd_ioreq.o [1]
USBD_CtlError            0x800'42c5   0x16  Code  Gb  usbd_ctlreq.o [1]
USBD_CtlPrepareRx        0x800'4373   0x28  Code  Gb  usbd_ioreq.o [1]
USBD_CtlReceiveStatus    0x800'43c3   0x16  Code  Gb  usbd_ioreq.o [1]
USBD_CtlSendData         0x800'433d   0x24  Code  Gb  usbd_ioreq.o [1]
USBD_CtlSendStatus       0x800'43ad   0x16  Code  Gb  usbd_ioreq.o [1]
USBD_FS_ConfigStrDescriptor
                         0x800'6b79   0x20  Code  Gb  usbd_desc.o [1]
USBD_FS_DeviceDesc      0x2000'0158   0x14  Data  Gb  usbd_desc.o [1]
USBD_FS_DeviceDescriptor
                         0x800'6b29    0x8  Code  Gb  usbd_desc.o [1]
USBD_FS_InterfaceStrDescriptor
                         0x800'6b99   0x20  Code  Gb  usbd_desc.o [1]
USBD_FS_LangIDStrDescriptor
                         0x800'6b31    0x8  Code  Gb  usbd_desc.o [1]
USBD_FS_ManufacturerStrDescriptor
                         0x800'6b59   0x12  Code  Gb  usbd_desc.o [1]
USBD_FS_ProductStrDescriptor
                         0x800'6b39   0x20  Code  Gb  usbd_desc.o [1]
USBD_FS_SerialStrDescriptor
                         0x800'6b6b    0xe  Code  Gb  usbd_desc.o [1]
USBD_GetConfig           0x800'41e9   0x3e  Code  Lc  usbd_ctlreq.o [1]
USBD_GetDescriptor       0x800'3eb7  0x200  Code  Lc  usbd_ctlreq.o [1]
USBD_GetLen              0x800'4329   0x14  Code  Lc  usbd_ctlreq.o [1]
USBD_GetStatus           0x800'4227   0x3e  Code  Lc  usbd_ctlreq.o [1]
USBD_GetString           0x800'42db   0x4e  Code  Gb  usbd_ctlreq.o [1]
USBD_Get_USB_Status      0x800'33fd   0x2a  Code  Lc  usbd_conf.o [1]
USBD_Init                0x800'3579   0x30  Code  Gb  usbd_core.o [1]
USBD_Interface_fops_FS  0x2000'012c   0x10  Data  Gb  usbd_cdc_if.o [1]
USBD_LL_ClearStallEP     0x800'3337   0x1a  Code  Gb  usbd_conf.o [1]
USBD_LL_CloseEP          0x800'3303   0x1a  Code  Gb  usbd_conf.o [1]
USBD_LL_DataInStage      0x800'3707  0x104  Code  Gb  usbd_core.o [1]
USBD_LL_DataOutStage     0x800'3661   0xa6  Code  Gb  usbd_core.o [1]
USBD_LL_GetRxDataSize    0x800'33cf    0xe  Code  Gb  usbd_conf.o [1]
USBD_LL_Init             0x800'3247   0x80  Code  Gb  usbd_conf.o [1]
USBD_LL_IsStallEP        0x800'3351   0x2c  Code  Gb  usbd_conf.o [1]
USBD_LL_OpenEP           0x800'32df   0x24  Code  Gb  usbd_conf.o [1]
USBD_LL_PrepareReceive   0x800'33b3   0x1c  Code  Gb  usbd_conf.o [1]
USBD_LL_Reset            0x800'380b   0x60  Code  Gb  usbd_core.o [1]
USBD_LL_Resume           0x800'3883   0x14  Code  Gb  usbd_core.o [1]
USBD_LL_SOF              0x800'3897   0x20  Code  Gb  usbd_core.o [1]
USBD_LL_SetSpeed         0x800'386b    0x6  Code  Gb  usbd_core.o [1]
USBD_LL_SetUSBAddress    0x800'337d   0x1a  Code  Gb  usbd_conf.o [1]
USBD_LL_SetupStage       0x800'35fd   0x64  Code  Gb  usbd_core.o [1]
USBD_LL_StallEP          0x800'331d   0x1a  Code  Gb  usbd_conf.o [1]
USBD_LL_Start            0x800'32c7   0x18  Code  Gb  usbd_conf.o [1]
USBD_LL_Suspend          0x800'3871   0x12  Code  Gb  usbd_core.o [1]
USBD_LL_Transmit         0x800'3397   0x1c  Code  Gb  usbd_conf.o [1]
USBD_LangIDDesc         0x2000'016c    0x4  Data  Gb  usbd_desc.o [1]
USBD_ParseSetupRequest   0x800'429d   0x28  Code  Gb  usbd_ctlreq.o [1]
USBD_RegisterClass       0x800'35a9   0x14  Code  Gb  usbd_core.o [1]
USBD_RunTestMode         0x800'35c7    0x4  Code  Gb  usbd_core.o [1]
USBD_SetAddress          0x800'40b7   0x5e  Code  Lc  usbd_ctlreq.o [1]
USBD_SetClassConfig      0x800'35cb   0x22  Code  Gb  usbd_core.o [1]
USBD_SetConfig           0x800'4115   0xce  Code  Lc  usbd_ctlreq.o [1]
USBD_SetConfig::cfgidx  0x2000'1570    0x1  Data  Lc  usbd_ctlreq.o [1]
USBD_SetFeature          0x800'4265   0x14  Code  Lc  usbd_ctlreq.o [1]
USBD_Start               0x800'35bd    0xa  Code  Gb  usbd_core.o [1]
USBD_StdDevReq           0x800'3b85   0x7a  Code  Gb  usbd_ctlreq.o [1]
USBD_StdEPReq            0x800'3c6b  0x24c  Code  Gb  usbd_ctlreq.o [1]
USBD_StdItfReq           0x800'3bff   0x6c  Code  Gb  usbd_ctlreq.o [1]
USBD_StrDesc            0x2000'1130  0x200  Data  Gb  usbd_desc.o [1]
USBD_StringSerial       0x2000'0170   0x1c  Data  Gb  usbd_desc.o [1]
USBD_static_free         0x800'33f9    0x2  Code  Gb  usbd_conf.o [1]
USBD_static_malloc       0x800'33dd    0x4  Code  Gb  usbd_conf.o [1]
USBD_static_malloc::mem
                        0x2000'0f10  0x220  Data  Lc  usbd_conf.o [1]
USB_ActivateEndpoint     0x800'1ee9  0x318  Code  Gb  stm32f1xx_ll_usb.o [1]
USB_CoreInit             0x800'1e91    0x8  Code  Gb  stm32f1xx_ll_usb.o [1]
USB_DeactivateEndpoint   0x800'2201  0x1b8  Code  Gb  stm32f1xx_ll_usb.o [1]
USB_DevConnect           0x800'2801    0x4  Code  Gb  stm32f1xx_ll_usb.o [1]
USB_DevDisconnect        0x800'2805    0x4  Code  Gb  stm32f1xx_ll_usb.o [1]
USB_DevInit              0x800'1ec3   0x26  Code  Gb  stm32f1xx_ll_usb.o [1]
USB_DisableGlobalInt     0x800'1eab   0x14  Code  Gb  stm32f1xx_ll_usb.o [1]
USB_EP0_OutStart         0x800'280f    0x4  Code  Gb  stm32f1xx_ll_usb.o [1]
USB_EPClearStall         0x800'2751   0xa0  Code  Gb  stm32f1xx_ll_usb.o [1]
USB_EPSetStall           0x800'2709   0x48  Code  Gb  stm32f1xx_ll_usb.o [1]
USB_EPStartXfer          0x800'23b9  0x350  Code  Gb  stm32f1xx_ll_usb.o [1]
USB_EnableGlobalInt      0x800'1e99   0x12  Code  Gb  stm32f1xx_ll_usb.o [1]
USB_LP_CAN1_RX0_IRQHandler
                         0x800'6d3b    0xa  Code  Gb  stm32f1xx_it.o [1]
USB_ReadInterrupts       0x800'2809    0x6  Code  Gb  stm32f1xx_ll_usb.o [1]
USB_ReadPMA              0x800'2845   0x36  Code  Gb  stm32f1xx_ll_usb.o [1]
USB_SetCurrentMode       0x800'1ebf    0x4  Code  Gb  stm32f1xx_ll_usb.o [1]
USB_SetDevAddress        0x800'27f1   0x10  Code  Gb  stm32f1xx_ll_usb.o [1]
USB_WritePMA             0x800'2813   0x32  Code  Gb  stm32f1xx_ll_usb.o [1]
UsageFault_Handler       0x800'6d27    0x2  Code  Gb  stm32f1xx_it.o [1]
UserRxBufferFS          0x2000'0210  0x3e8  Data  Gb  usbd_cdc_if.o [1]
UserTxBufferFS          0x2000'05f8  0x3e8  Data  Gb  usbd_cdc_if.o [1]
Wait_Tx_Done             0x800'6041   0x1c  Code  Gb  Lora_transmission_HAL.o [1]
_Encoding_8859_1_Mbrlen
                         0x800'1229    0x2  Code  Gb  xencoding_8859_1.o [2]
_Encoding_8859_1_Wctomb
                         0x800'1217   0x12  Code  Gb  xencoding_8859_1.o [2]
_GenldFull               0x800'0d0d  0x274  Code  Lc  xprintffull.o [2]
_LdtobFull               0x800'0909  0x3d6  Code  Lc  xprintffull.o [2]
_LitobFull               0x800'07b9  0x10a  Code  Lc  xprintffull.o [2]
_LocaleC_isspace         0x800'10b9   0x14  Code  Gb  xlocale_c.o [2]
_LocaleC_isupper         0x800'10ad    0x2  Code  Gb  xlocale_c.o [2]
_LocaleC_tolower         0x800'10cd    0xc  Code  Gb  xlocale_c.o [2]
_Locale_lconv           0x2000'018c   0x38  Data  Lc  xlocale_c.o [2]
_PrintfFull              0x800'00ed  0x1aa  Code  Gb  xprintffull.o [2]
_PutcharsFull            0x800'0f81   0x2e  Code  Lc  xprintffull.o [2]
_PutfldFull              0x800'0329  0x2d4  Code  Lc  xprintffull.o [2]
_PutstrFull              0x800'06f3   0xc6  Code  Lc  xprintffull.o [2]
_PuttxtFull              0x800'05fd   0xf6  Code  Lc  xprintffull.o [2]
_SProut                  0x800'1297    0xa  Code  Gb  xsprout.o [2]
__NVIC_EnableIRQ         0x800'344d   0x1c  Code  Lc  stm32f1xx_hal_cortex.o [1]
__NVIC_GetPriorityGrouping
                         0x800'3443    0xa  Code  Lc  stm32f1xx_hal_cortex.o [1]
__NVIC_SetPriority       0x800'3469   0x24  Code  Lc  stm32f1xx_hal_cortex.o [1]
__NVIC_SetPriorityGrouping
                         0x800'3429   0x1a  Code  Lc  stm32f1xx_hal_cortex.o [1]
__aeabi_cdcmple          0x800'178d         Code  Gb  DblCmpLe.o [3]
__aeabi_cdrcmple         0x800'17bd         Code  Gb  DblCmpGe.o [3]
__aeabi_d2iz             0x800'1929         Code  Gb  DblToS32.o [3]
__aeabi_d2uiz            0x800'1cb5         Code  Gb  DblToU32.o [3]
__aeabi_dadd             0x800'1d01         Code  Gb  DblAdd.o [3]
__aeabi_ddiv             0x800'1a6d         Code  Gb  DblDiv.o [3]
__aeabi_dmul             0x800'1579         Code  Gb  DblMul.o [3]
__aeabi_dsub             0x800'1989         Code  Gb  DblSub.o [3]
__aeabi_i2d              0x800'1965         Code  Gb  S32ToDbl.o [3]
__aeabi_ldiv0            0x800'1cfd         Code  Gb  I64DivZer.o [4]
__aeabi_memclr4          0x800'6859         Code  Gb  ABImemclr4.o [4]
__aeabi_memcpy           0x800'12a1         Code  Gb  ABImemcpy.o [4]
__aeabi_memcpy4          0x800'12c1         Code  Gb  ABImemcpy.o [4]
__aeabi_memcpy8          0x800'12c1         Code  Gb  ABImemcpy.o [4]
__aeabi_ui2d             0x800'1cdd         Code  Gb  U32ToDbl.o [3]
__aeabi_uldivmod         0x800'1349         Code  Gb  I64DivMod.o [4]
__cmain                  0x800'6df5         Code  Gb  cmain.o [4]
__exit                   0x800'1e7d   0x14  Code  Gb  exit.o [5]
__iar_Fail_s             0x800'11a1   0x1c  Code  Gb  xfail_s.o [2]
__iar_Mbcurmax           0x800'128d    0xa  Code  Gb  xmbcurmax.o [2]
__iar_Memchr             0x800'1235         Code  Gb  memchr.o [4]
__iar_Memset4_word       0x800'6a95         Code  Gb  ABImemset48.o [4]
__iar_Memset8_word       0x800'6a95         Code  Gb  ABImemset48.o [4]
__iar_Memset_word        0x800'6ac9         Code  Gb  ABImemset.o [4]
__iar_Stoulx             0x800'6701  0x13a  Code  Gb  iar_Stoulx.o [2]
__iar_Strchr             0x800'1151         Code  Gb  strchr.o [4]
__iar_dadd               0x800'1999         Code  Gb  DblSub.o [3]
__iar_data_init3         0x800'6d69   0x28  Code  Gb  data_init.o [4]
__iar_dsub               0x800'1d11         Code  Gb  DblAdd.o [3]
__iar_dsubStart          0x800'1d23         Code  Gb  DblAdd.o [3]
__iar_frexp              0x800'1729         Code  Gb  frexp.o [3]
__iar_frexp64            0x800'171d         Code  Gb  frexp.o [3]
__iar_frexpl             0x800'1729         Code  Gb  frexp.o [3]
__iar_globLocale        0x2000'01c4   0x48  Data  Lc  xlocale_c.o [2]
__iar_global_Locale      0x800'10d9    0x4  Code  Gb  xlocale_c.o [2]
__iar_ldexp64            0x800'17ed         Code  Gb  ldexp.o [3]
__iar_lz77_init_single3
                         0x800'1033   0x7a  Code  Gb  lz77_init_single.o [4]
__iar_program_start      0x800'6f19         Code  Gb  cstartup_M.o [4]
__iar_scalbln64          0x800'17ed         Code  Gb  ldexp.o [3]
__iar_scalbn64           0x800'17ed         Code  Gb  ldexp.o [3]
__iar_zero_init3         0x800'1167   0x3a  Code  Gb  zero_init3.o [4]
__low_level_init         0x800'6e13    0x4  Code  Gb  low_level_init.o [2]
__vector_table           0x800'0000         Data  Gb  startup_stm32f103xb.o [1]
_call_main               0x800'6e01         Code  Gb  cmain.o [4]
_exit                    0x800'6e1d         Code  Gb  cexit.o [4]
_gLocale_mblen           0x800'113d    0x4  Code  Gb  xlocale_c.o [2]
_gLocale_mblenInt        0x800'1101   0x2c  Code  Gb  xlocale_c.o [2]
_gLocale_wctomb          0x800'1141    0x4  Code  Gb  xlocale_c.o [2]
_gLocale_wctombInt       0x800'1139    0x4  Code  Gb  xlocale_c.o [2]
_main                    0x800'6e0f         Code  Gb  cmain.o [4]
abort                    0x800'1cf7    0x6  Code  Gb  abort.o [2]
atoi                     0x800'6841    0x2  Code  Gb  iar_Stoulx.o [2]
digits                   0x800'6ce0   0x28  Data  Lc  iar_Stoulx.o [2]
exit                     0x800'6e17    0x4  Code  Gb  exit.o [2]
free_ptr                0x2000'1567    0x1  Data  Gb  Lora_transmission_HAL.o [1]
frexp                    0x800'171d         Code  Gb  frexp.o [3]
frexpl                   0x800'171d         Code  Gb  frexp.o [3]
fun1                     0x800'5865   0x2c  Code  Gb  SW_Timer.o [1]
hUsbDeviceFS            0x2000'09e0  0x2c4  Data  Gb  usb_device.o [1]
hpcd_USB_FS             0x2000'0ca4  0x26c  Data  Gb  usbd_conf.o [1]
hspi1                   0x2000'1480   0x58  Data  Gb  main.o [1]
irq_mainapp             0x2000'156e    0x1  Data  Gb  mainApp.o [1]
isspace                  0x800'6a6d   0x14  Code  Gb  isspace.o [2]
ldexp                    0x800'17ed         Code  Gb  ldexp.o [3]
ldexpl                   0x800'17ed         Code  Gb  ldexp.o [3]
localeconv               0x800'1145    0x4  Code  Gb  xlocale_c.o [2]
main                     0x800'38b9   0x1c  Code  Gb  main.o [1]
mainApp                  0x800'4455  0x268  Code  Gb  mainApp.o [1]
memchr                   0x800'1235         Code  Gb  memchr.o [4]
mode                    0x2000'1568    0x1  Data  Gb  mainApp.o [1]
myLoraMaster            0x2000'1330   0xcc  Data  Gb  Master.o [1]
myLoraMode              0x2000'13fc   0x84  Data  Gb  mainApp.o [1]
myLoraPtr               0x2000'1566    0x1  Data  Gb  logging.o [1]
myLoraSlave             0x2000'1554    0x8  Data  Gb  Slave.o [1]
myTxPacket              0x2000'1534   0x14  Data  Gb  logging.o [1]
ndigs                    0x800'6cb8   0x28  Data  Lc  iar_Stoulx.o [2]
operation_flag          0x2000'156f    0x1  Data  Gb  mainApp.o [1]
scalbln                  0x800'17ed         Code  Gb  ldexp.o [3]
scalblnl                 0x800'17ed         Code  Gb  ldexp.o [3]
scalbn                   0x800'17ed         Code  Gb  ldexp.o [3]
scalbnl                  0x800'17ed         Code  Gb  ldexp.o [3]
scale                    0x800'08c3   0x46  Code  Lc  xprintffull.o [2]
sec_hand                0x2000'1560    0x4  Data  Lc  xfail_s.o [2]
sprintf                  0x800'6615   0x40  Code  Gb  sprintf.o [2]
strchr                   0x800'1151         Code  Gb  strchr.o [4]
strcpy                   0x800'69e5         Code  Gb  strcpy.o [4]
strlen                   0x800'11e1         Code  Gb  strlen.o [4]
strncmp                  0x800'69bd   0x28  Code  Gb  strncmp.o [2]
strncpy                  0x800'69fd         Code  Gb  strncpy.o [4]
sx1276_7_8Data          0x2000'0000   0x14  Data  Gb  Lora_transmission_HAL.o [1]
sx1276_7_8FreqTbl        0x800'6f3c    0x4  Data  Gb  Lora_transmission_HAL.o [1]
sx1276_7_8LoRaBwTbl      0x800'6f00    0xc  Data  Gb  Lora_transmission_HAL.o [1]
sx1276_7_8PowerTbl       0x800'6f40    0x4  Data  Gb  Lora_transmission_HAL.o [1]
sx1276_7_8SpreadFactorTbl
                         0x800'6f24    0x8  Data  Gb  Lora_transmission_HAL.o [1]
sx1276_7_8_Config_Init   0x800'605d   0xe2  Code  Gb  Lora_transmission_HAL.o [1]
sx1276_7_8_EntryLoRa     0x800'5d8b    0xc  Code  Gb  Lora_transmission_HAL.o [1]
sx1276_7_8_LoRaClearIrq
                         0x800'5d97    0xc  Code  Gb  Lora_transmission_HAL.o [1]
sx1276_7_8_LoRaReadRSSI
                         0x800'5e11   0x6a  Code  Gb  Lora_transmission_HAL.o [1]
sx1276_7_8_Reset         0x800'5d5d   0x22  Code  Gb  Lora_transmission_HAL.o [1]
sx1276_7_8_Sleep         0x800'5d7f    0xc  Code  Gb  Lora_transmission_HAL.o [1]
tolower                  0x800'6a81   0x14  Code  Gb  tolower.o [2]
uwTick                  0x2000'155c    0x4  Data  Gb  stm32f1xx_hal.o [1]
uwTickFreq              0x2000'020c    0x1  Data  Gb  stm32f1xx_hal.o [1]
uwTickPrio              0x2000'0014    0x4  Data  Gb  stm32f1xx_hal.o [1]


[1] = C:\Users\15122\Desktop\LoraIAR\EWARM\IAR_RFIDIM\Obj
[2] = dl7M_tlf.a
[3] = m7M_tl.a
[4] = rt7M_tl.a
[5] = shb_l.a

  28 208 bytes of readonly  code memory
     723 bytes of readonly  data memory
   6 510 bytes of readwrite data memory

Errors: none
Warnings: none
